
> okul-yonetim-sistemi@0.1.0 build
> next build --turbopack

unhandledRejection [Error: EPERM: operation not permitted, open '/Users/emreerdem/okul-yonetim-sistemi/node_modules/next/dist/client/components/router-reducer/compute-changed-path.js'] {
  errno: -1,
  code: 'EPERM',
  syscall: 'open',
  path: '/Users/emreerdem/okul-yonetim-sistemi/node_modules/next/dist/client/components/router-reducer/compute-changed-path.js'
}
